###############################################################################
#
# IAR ANSI C/C++ Compiler V8.50.1.245/W32 for ARM         14/May/2020  16:51:01
# Copyright 1999-2020 IAR Systems AB.
#
#    Cpu mode             
#    Endian            =  little
#    Source file       =
#        C:\Users\81901\Desktop\job\es920lr\SDK\src\Application\KL16_SMAC_MQXLite\drv\Portable\Reset\Reset.c
#    Command line      =
#        -f C:\Users\81901\AppData\Local\Temp\EW6063.tmp
#        (C:\Users\81901\Desktop\job\es920lr\SDK\src\Application\KL16_SMAC_MQXLite\drv\Portable\Reset\Reset.c
#        --preprocess=s
#        "C:\Users\81901\Desktop\job\es920lr\SDK\src\Application\KL16_SMAC_MQXLite\app\kl16z128_eslora
#        MQXLite\List" -lcN
#        "C:\Users\81901\Desktop\job\es920lr\SDK\src\Application\KL16_SMAC_MQXLite\app\kl16z128_eslora
#        MQXLite\List" -o
#        "C:\Users\81901\Desktop\job\es920lr\SDK\src\Application\KL16_SMAC_MQXLite\app\kl16z128_eslora
#        MQXLite\Obj" --no_cse --no_unroll --no_inline --no_code_motion
#        --no_tbaa --no_clustering --no_scheduling --debug --endian=little
#        --cpu=Cortex-M0+ -e --fpu=None --dlib_config "C:\Program Files
#        (x86)\IAR Systems\Embedded Workbench
#        8.4\arm\inc\c\DLib_Config_Normal.h" -I
#        C:\Users\81901\Desktop\job\es920lr\SDK\src\Application\KL16_SMAC_MQXLite\app\Interface\
#        -I
#        C:\Users\81901\Desktop\job\es920lr\SDK\src\Application\KL16_SMAC_MQXLite\app\Sources\
#        -I
#        C:\Users\81901\Desktop\job\es920lr\SDK\src\Application\KL16_SMAC_MQXLite\app\..\MQXLITE\include\
#        -I
#        C:\Users\81901\Desktop\job\es920lr\SDK\src\Application\KL16_SMAC_MQXLite\app\..\MQXLITE\config\
#        -I
#        C:\Users\81901\Desktop\job\es920lr\SDK\src\Application\KL16_SMAC_MQXLite\app\..\MQXLITE\psp\cortex_m\
#        -I
#        C:\Users\81901\Desktop\job\es920lr\SDK\src\Application\KL16_SMAC_MQXLite\app\..\MQXLITE\psp\cortex_m\compiler\iar\
#        -I
#        C:\Users\81901\Desktop\job\es920lr\SDK\src\Application\KL16_SMAC_MQXLite\app\..\drv\Generated_Code\
#        -I
#        C:\Users\81901\Desktop\job\es920lr\SDK\src\Application\KL16_SMAC_MQXLite\app\..\drv\PExSupport\Kinetis\
#        -I
#        C:\Users\81901\Desktop\job\es920lr\SDK\src\Application\KL16_SMAC_MQXLite\app\..\framework\OSAbstraction\MQXLite\Interface\
#        -I
#        C:\Users\81901\Desktop\job\es920lr\SDK\src\Application\KL16_SMAC_MQXLite\app\..\framework\RNG\Interface\
#        -I
#        C:\Users\81901\Desktop\job\es920lr\SDK\src\Application\KL16_SMAC_MQXLite\app\..\framework\Common\
#        -I
#        C:\Users\81901\Desktop\job\es920lr\SDK\src\Application\KL16_SMAC_MQXLite\app\..\framework\Utils\Lists\
#        -I
#        C:\Users\81901\Desktop\job\es920lr\SDK\src\Application\KL16_SMAC_MQXLite\app\..\framework\Utils\FunctionLib\
#        -I
#        C:\Users\81901\Desktop\job\es920lr\SDK\src\Application\KL16_SMAC_MQXLite\app\..\framework\Utils\SecLib\
#        -I
#        C:\Users\81901\Desktop\job\es920lr\SDK\src\Application\KL16_SMAC_MQXLite\app\..\framework\FSCI\Interface\
#        -I
#        C:\Users\81901\Desktop\job\es920lr\SDK\src\Application\KL16_SMAC_MQXLite\app\..\framework\FSCI\Source\
#        -I
#        C:\Users\81901\Desktop\job\es920lr\SDK\src\Application\KL16_SMAC_MQXLite\app\..\framework\Panic\Interface\
#        -I
#        C:\Users\81901\Desktop\job\es920lr\SDK\src\Application\KL16_SMAC_MQXLite\app\..\framework\SerialManager\Interface\
#        -I
#        C:\Users\81901\Desktop\job\es920lr\SDK\src\Application\KL16_SMAC_MQXLite\app\..\framework\MemManager\Interface\
#        -I
#        C:\Users\81901\Desktop\job\es920lr\SDK\src\Application\KL16_SMAC_MQXLite\app\..\framework\TimersManager\Interface\
#        -I
#        C:\Users\81901\Desktop\job\es920lr\SDK\src\Application\KL16_SMAC_MQXLite\app\..\framework\TimersManager\Source\
#        -I
#        C:\Users\81901\Desktop\job\es920lr\SDK\src\Application\KL16_SMAC_MQXLite\app\..\framework\Messaging\Interface\
#        -I
#        C:\Users\81901\Desktop\job\es920lr\SDK\src\Application\KL16_SMAC_MQXLite\app\..\framework\RNG\Interface\
#        -I
#        C:\Users\81901\Desktop\job\es920lr\SDK\src\Application\KL16_SMAC_MQXLite\app\..\framework\RNG\Source\
#        -I
#        C:\Users\81901\Desktop\job\es920lr\SDK\src\Application\KL16_SMAC_MQXLite\app\..\ieee_802_15_4\Phy\Interface\
#        -I
#        C:\Users\81901\Desktop\job\es920lr\SDK\src\Application\KL16_SMAC_MQXLite\app\..\ieee_802_15_4\SMAC\Interface\
#        -I
#        C:\Users\81901\Desktop\job\es920lr\SDK\src\Application\KL16_SMAC_MQXLite\app\..\drv\Portable\ADC\Interface\
#        -I
#        C:\Users\81901\Desktop\job\es920lr\SDK\src\Application\KL16_SMAC_MQXLite\app\..\drv\Portable\BME\Interface\
#        -I
#        C:\Users\81901\Desktop\job\es920lr\SDK\src\Application\KL16_SMAC_MQXLite\app\..\drv\Portable\Flash\Interface\
#        -I
#        C:\Users\81901\Desktop\job\es920lr\SDK\src\Application\KL16_SMAC_MQXLite\app\..\drv\Portable\I2C\Interface\
#        -I
#        C:\Users\81901\Desktop\job\es920lr\SDK\src\Application\KL16_SMAC_MQXLite\app\..\drv\Portable\LED\Interface\
#        -I
#        C:\Users\81901\Desktop\job\es920lr\SDK\src\Application\KL16_SMAC_MQXLite\app\..\drv\Portable\LLWU\Interface\
#        -I
#        C:\Users\81901\Desktop\job\es920lr\SDK\src\Application\KL16_SMAC_MQXLite\app\..\drv\Portable\LPTMR\Interface\
#        -I
#        C:\Users\81901\Desktop\job\es920lr\SDK\src\Application\KL16_SMAC_MQXLite\app\..\drv\Portable\SMC\Interface\
#        -I
#        C:\Users\81901\Desktop\job\es920lr\SDK\src\Application\KL16_SMAC_MQXLite\app\..\drv\Portable\MCG\Interface\
#        -I
#        C:\Users\81901\Desktop\job\es920lr\SDK\src\Application\KL16_SMAC_MQXLite\app\..\drv\Portable\Reset\
#        -On)
#    Locale            =  C
#    List file         =
#        C:\Users\81901\Desktop\job\es920lr\SDK\src\Application\KL16_SMAC_MQXLite\app\kl16z128_eslora
#        MQXLite\List\Reset.lst
#    Object file       =
#        C:\Users\81901\Desktop\job\es920lr\SDK\src\Application\KL16_SMAC_MQXLite\app\kl16z128_eslora
#        MQXLite\Obj\Reset.o
#    Runtime model:       
#      __SystemLibrary =  DLib
#      __dlib_version  =  6
#
###############################################################################

C:\Users\81901\Desktop\job\es920lr\SDK\src\Application\KL16_SMAC_MQXLite\drv\Portable\Reset\Reset.c
      1          /*!
      2          * Copyright (c) 2014, Freescale Semiconductor, Inc.
      3          * All rights reserved.
      4          *
      5          * \file Reset.c
      6          * MACu reset related functions implementation
      7          *
      8          * Redistribution and use in source and binary forms, with or without modification,
      9          * are permitted provided that the following conditions are met:
     10          *
     11          * o Redistributions of source code must retain the above copyright notice, this list
     12          *   of conditions and the following disclaimer.
     13          *
     14          * o Redistributions in binary form must reproduce the above copyright notice, this
     15          *   list of conditions and the following disclaimer in the documentation and/or
     16          *   other materials provided with the distribution.
     17          *
     18          * o Neither the name of Freescale Semiconductor, Inc. nor the names of its
     19          *   contributors may be used to endorse or promote products derived from this
     20          *   software without specific prior written permission.
     21          *
     22          * THIS SOFTWARE IS PROVIDED BY THE COPYRIGHT HOLDERS AND CONTRIBUTORS "AS IS" AND
     23          * ANY EXPRESS OR IMPLIED WARRANTIES, INCLUDING, BUT NOT LIMITED TO, THE IMPLIED
     24          * WARRANTIES OF MERCHANTABILITY AND FITNESS FOR A PARTICULAR PURPOSE ARE
     25          * DISCLAIMED. IN NO EVENT SHALL THE COPYRIGHT HOLDER OR CONTRIBUTORS BE LIABLE FOR
     26          * ANY DIRECT, INDIRECT, INCIDENTAL, SPECIAL, EXEMPLARY, OR CONSEQUENTIAL DAMAGES
     27          * (INCLUDING, BUT NOT LIMITED TO, PROCUREMENT OF SUBSTITUTE GOODS OR SERVICES;
     28          * LOSS OF USE, DATA, OR PROFITS; OR BUSINESS INTERRUPTION) HOWEVER CAUSED AND ON
     29          * ANY THEORY OF LIABILITY, WHETHER IN CONTRACT, STRICT LIABILITY, OR TORT
     30          * (INCLUDING NEGLIGENCE OR OTHERWISE) ARISING IN ANY WAY OUT OF THE USE OF THIS
     31          * SOFTWARE, EVEN IF ADVISED OF THE POSSIBILITY OF SUCH DAMAGE.
     32          */
     33          
     34          /************************************************************************************
     35          *************************************************************************************
     36          * Include
     37          *************************************************************************************
     38          ************************************************************************************/
     39          #include "cmsis_os.h"
     40          #include "io_map.h"
     41          
     42          /************************************************************************************
     43          *************************************************************************************
     44          * Private type definitions
     45          *************************************************************************************
     46          ************************************************************************************/
     47          
     48          /************************************************************************************
     49          *************************************************************************************
     50          * Public prototypes
     51          *************************************************************************************
     52          ************************************************************************************/
     53          void ResetMCU(void);
     54          
     55          
     56          /************************************************************************************
     57          *************************************************************************************
     58          * Public functions
     59          *************************************************************************************
     60          ************************************************************************************/
     61          void ResetMCU(void)
     62          {
     63              SCB_AIRCR = SCB_AIRCR_VECTKEY(0x5FA) | SCB_AIRCR_SYSRESETREQ_MASK;
     64              while(1);
     65          }
     66          /********************************** EOF ***************************************/

   Maximum stack usage in bytes:

   .cstack Function
   ------- --------
       4   ResetMCU


   Section sizes:

   Bytes  Function/Label
   -----  --------------
      20  ResetMCU

 
 20 bytes in section .text
 
 20 bytes of CODE memory

Errors: none
Warnings: none
